[0.177s] DEBUG:colcon:Command line arguments: ['/usr/bin/colcon', 'build', '--packages-select', 'test_new_pkg_name']
[0.178s] DEBUG:colcon:Parsed command line arguments: Namespace(log_base=None, log_level=None, verb_name='build', build_base='build', install_base='install', merge_install=False, symlink_install=False, test_result_base=None, continue_on_error=False, executor='parallel', parallel_workers=64, event_handlers=None, ignore_user_meta=False, metas=['./colcon.meta'], base_paths=['.'], packages_ignore=None, packages_ignore_regex=None, paths=None, packages_up_to=None, packages_up_to_regex=None, packages_above=None, packages_above_and_dependencies=None, packages_above_depth=None, packages_select_by_dep=None, packages_skip_by_dep=None, packages_skip_up_to=None, packages_select_build_failed=False, packages_skip_build_finished=False, packages_select_test_failures=False, packages_skip_test_passed=False, packages_select=['test_new_pkg_name'], packages_skip=None, packages_select_regex=None, packages_skip_regex=None, packages_start=None, packages_end=None, allow_overriding=[], cmake_args=None, cmake_target=None, cmake_target_skip_unavailable=False, cmake_clean_cache=False, cmake_clean_first=False, cmake_force_configure=False, ament_cmake_args=None, catkin_cmake_args=None, catkin_skip_building_tests=False, mixin_files=None, mixin=None, verb_parser=<colcon_mixin.mixin.mixin_argument.MixinArgumentDecorator object at 0x71e132395f60>, verb_extension=<colcon_core.verb.build.BuildVerb object at 0x71e1324aee30>, main=<bound method BuildVerb.main of <colcon_core.verb.build.BuildVerb object at 0x71e1324aee30>>, mixin_verb=('build',))
[0.363s] Level 1:colcon.colcon_core.package_discovery:discover_packages(colcon_meta) check parameters
[0.363s] Level 1:colcon.colcon_core.package_discovery:discover_packages(recursive) check parameters
[0.363s] Level 1:colcon.colcon_core.package_discovery:discover_packages(ignore) check parameters
[0.363s] Level 1:colcon.colcon_core.package_discovery:discover_packages(path) check parameters
[0.363s] Level 1:colcon.colcon_core.package_discovery:discover_packages(colcon_meta) discover
[0.363s] Level 1:colcon.colcon_core.package_discovery:discover_packages(recursive) discover
[0.363s] INFO:colcon.colcon_core.package_discovery:Crawling recursively for packages in '/home/lae5777/ros2_ws/src/uq-in-slam'
[0.364s] Level 1:colcon.colcon_core.package_identification:_identify(.) by extensions ['ignore', 'ignore_ament_install']
[0.364s] Level 1:colcon.colcon_core.package_identification:_identify(.) by extension 'ignore'
[0.364s] Level 1:colcon.colcon_core.package_identification:_identify(.) by extension 'ignore_ament_install'
[0.364s] Level 1:colcon.colcon_core.package_identification:_identify(.) by extensions ['colcon_pkg']
[0.364s] Level 1:colcon.colcon_core.package_identification:_identify(.) by extension 'colcon_pkg'
[0.364s] Level 1:colcon.colcon_core.package_identification:_identify(.) by extensions ['colcon_meta']
[0.364s] Level 1:colcon.colcon_core.package_identification:_identify(.) by extension 'colcon_meta'
[0.364s] Level 1:colcon.colcon_core.package_identification:_identify(.) by extensions ['ros']
[0.364s] Level 1:colcon.colcon_core.package_identification:_identify(.) by extension 'ros'
[0.378s] Level 1:colcon.colcon_core.package_identification:_identify(.) by extensions ['cmake', 'python']
[0.378s] Level 1:colcon.colcon_core.package_identification:_identify(.) by extension 'cmake'
[0.378s] Level 1:colcon.colcon_core.package_identification:_identify(.) by extension 'python'
[0.378s] Level 1:colcon.colcon_core.package_identification:_identify(.) by extensions ['python_setup_py']
[0.378s] Level 1:colcon.colcon_core.package_identification:_identify(.) by extension 'python_setup_py'
[0.378s] Level 1:colcon.colcon_core.package_identification:_identify(build) by extensions ['ignore', 'ignore_ament_install']
[0.378s] Level 1:colcon.colcon_core.package_identification:_identify(build) by extension 'ignore'
[0.379s] Level 1:colcon.colcon_core.package_identification:_identify(build) ignored
[0.379s] Level 1:colcon.colcon_core.package_identification:_identify(install) by extensions ['ignore', 'ignore_ament_install']
[0.379s] Level 1:colcon.colcon_core.package_identification:_identify(install) by extension 'ignore'
[0.379s] Level 1:colcon.colcon_core.package_identification:_identify(install) ignored
[0.379s] Level 1:colcon.colcon_core.package_identification:_identify(log) by extensions ['ignore', 'ignore_ament_install']
[0.379s] Level 1:colcon.colcon_core.package_identification:_identify(log) by extension 'ignore'
[0.379s] Level 1:colcon.colcon_core.package_identification:_identify(log) ignored
[0.380s] Level 1:colcon.colcon_core.package_identification:_identify(test_new_pkg_name) by extensions ['ignore', 'ignore_ament_install']
[0.380s] Level 1:colcon.colcon_core.package_identification:_identify(test_new_pkg_name) by extension 'ignore'
[0.380s] Level 1:colcon.colcon_core.package_identification:_identify(test_new_pkg_name) by extension 'ignore_ament_install'
[0.380s] Level 1:colcon.colcon_core.package_identification:_identify(test_new_pkg_name) by extensions ['colcon_pkg']
[0.380s] Level 1:colcon.colcon_core.package_identification:_identify(test_new_pkg_name) by extension 'colcon_pkg'
[0.380s] Level 1:colcon.colcon_core.package_identification:_identify(test_new_pkg_name) by extensions ['colcon_meta']
[0.380s] Level 1:colcon.colcon_core.package_identification:_identify(test_new_pkg_name) by extension 'colcon_meta'
[0.380s] Level 1:colcon.colcon_core.package_identification:_identify(test_new_pkg_name) by extensions ['ros']
[0.380s] Level 1:colcon.colcon_core.package_identification:_identify(test_new_pkg_name) by extension 'ros'
[0.382s] DEBUG:colcon.colcon_core.package_identification:Package 'test_new_pkg_name' with type 'ros.ament_python' and name 'test_new_pkg_name'
[0.382s] Level 1:colcon.colcon_core.package_discovery:discover_packages(recursive) using defaults
[0.382s] Level 1:colcon.colcon_core.package_discovery:discover_packages(ignore) discover
[0.382s] Level 1:colcon.colcon_core.package_discovery:discover_packages(ignore) using defaults
[0.382s] Level 1:colcon.colcon_core.package_discovery:discover_packages(path) discover
[0.382s] Level 1:colcon.colcon_core.package_discovery:discover_packages(path) using defaults
[0.397s] Level 1:colcon.colcon_core.package_discovery:discover_packages(prefix_path) check parameters
[0.397s] Level 1:colcon.colcon_core.package_discovery:discover_packages(prefix_path) discover
[0.398s] DEBUG:colcon.colcon_installed_package_information.package_discovery:Found 1 installed packages in /home/lae5777/ros2_ws/src/uq-in-slam/install
[0.400s] DEBUG:colcon.colcon_installed_package_information.package_discovery:Found 317 installed packages in /opt/ros/humble
[0.401s] Level 1:colcon.colcon_core.package_discovery:discover_packages(prefix_path) using defaults
[0.429s] Level 5:colcon.colcon_core.verb:set package 'test_new_pkg_name' build argument 'cmake_args' from command line to 'None'
[0.429s] Level 5:colcon.colcon_core.verb:set package 'test_new_pkg_name' build argument 'cmake_target' from command line to 'None'
[0.430s] Level 5:colcon.colcon_core.verb:set package 'test_new_pkg_name' build argument 'cmake_target_skip_unavailable' from command line to 'False'
[0.430s] Level 5:colcon.colcon_core.verb:set package 'test_new_pkg_name' build argument 'cmake_clean_cache' from command line to 'False'
[0.430s] Level 5:colcon.colcon_core.verb:set package 'test_new_pkg_name' build argument 'cmake_clean_first' from command line to 'False'
[0.430s] Level 5:colcon.colcon_core.verb:set package 'test_new_pkg_name' build argument 'cmake_force_configure' from command line to 'False'
[0.430s] Level 5:colcon.colcon_core.verb:set package 'test_new_pkg_name' build argument 'ament_cmake_args' from command line to 'None'
[0.430s] Level 5:colcon.colcon_core.verb:set package 'test_new_pkg_name' build argument 'catkin_cmake_args' from command line to 'None'
[0.430s] Level 5:colcon.colcon_core.verb:set package 'test_new_pkg_name' build argument 'catkin_skip_building_tests' from command line to 'False'
[0.430s] DEBUG:colcon.colcon_core.verb:Building package 'test_new_pkg_name' with the following arguments: {'ament_cmake_args': None, 'build_base': '/home/lae5777/ros2_ws/src/uq-in-slam/build/test_new_pkg_name', 'catkin_cmake_args': None, 'catkin_skip_building_tests': False, 'cmake_args': None, 'cmake_clean_cache': False, 'cmake_clean_first': False, 'cmake_force_configure': False, 'cmake_target': None, 'cmake_target_skip_unavailable': False, 'install_base': '/home/lae5777/ros2_ws/src/uq-in-slam/install/test_new_pkg_name', 'merge_install': False, 'path': '/home/lae5777/ros2_ws/src/uq-in-slam/test_new_pkg_name', 'symlink_install': False, 'test_result_base': None}
[0.430s] INFO:colcon.colcon_core.executor:Executing jobs using 'parallel' executor
[0.431s] DEBUG:colcon.colcon_parallel_executor.executor.parallel:run_until_complete
[0.431s] INFO:colcon.colcon_ros.task.ament_python.build:Building ROS package in '/home/lae5777/ros2_ws/src/uq-in-slam/test_new_pkg_name' with build type 'ament_python'
[0.431s] Level 1:colcon.colcon_core.shell:create_environment_hook('test_new_pkg_name', 'ament_prefix_path')
[0.432s] INFO:colcon.colcon_core.plugin_system:Skipping extension 'colcon_core.shell.bat': Not used on non-Windows systems
[0.432s] INFO:colcon.colcon_core.shell:Creating environment hook '/home/lae5777/ros2_ws/src/uq-in-slam/install/test_new_pkg_name/share/test_new_pkg_name/hook/ament_prefix_path.ps1'
[0.479s] INFO:colcon.colcon_core.shell:Creating environment descriptor '/home/lae5777/ros2_ws/src/uq-in-slam/install/test_new_pkg_name/share/test_new_pkg_name/hook/ament_prefix_path.dsv'
[0.514s] INFO:colcon.colcon_core.shell:Creating environment hook '/home/lae5777/ros2_ws/src/uq-in-slam/install/test_new_pkg_name/share/test_new_pkg_name/hook/ament_prefix_path.sh'
[0.551s] INFO:colcon.colcon_core.shell:Skip shell extension 'powershell' for command environment: Not usable outside of PowerShell
[0.551s] DEBUG:colcon.colcon_core.shell:Skip shell extension 'dsv' for command environment
[0.917s] INFO:colcon.colcon_core.task.python.build:Building Python package in '/home/lae5777/ros2_ws/src/uq-in-slam/test_new_pkg_name'
[0.917s] INFO:colcon.colcon_core.shell:Skip shell extension 'powershell' for command environment: Not usable outside of PowerShell
[0.917s] DEBUG:colcon.colcon_core.shell:Skip shell extension 'dsv' for command environment
[1.588s] DEBUG:colcon.colcon_core.event_handler.log_command:Invoking command in '/home/lae5777/ros2_ws/src/uq-in-slam/test_new_pkg_name': PYTHONPATH=/home/lae5777/ros2_ws/src/uq-in-slam/build/test_new_pkg_name/prefix_override:/usr/lib/python3/dist-packages/colcon_core/task/python/colcon_distutils_commands:/home/lae5777/ros2_ws/src/uq-in-slam/install/test_new_pkg_name/lib/python3.10/site-packages:${PYTHONPATH} /usr/bin/python3 -W ignore:setup.py install is deprecated -W ignore:easy_install command is deprecated setup.py egg_info --egg-base ../build/test_new_pkg_name build --build-base /home/lae5777/ros2_ws/src/uq-in-slam/build/test_new_pkg_name/build install --record /home/lae5777/ros2_ws/src/uq-in-slam/build/test_new_pkg_name/install.log --single-version-externally-managed install_data
[3.278s] DEBUG:colcon.colcon_core.event_handler.log_command:Invoked command in '/home/lae5777/ros2_ws/src/uq-in-slam/test_new_pkg_name' returned '0': PYTHONPATH=/home/lae5777/ros2_ws/src/uq-in-slam/build/test_new_pkg_name/prefix_override:/usr/lib/python3/dist-packages/colcon_core/task/python/colcon_distutils_commands:/home/lae5777/ros2_ws/src/uq-in-slam/install/test_new_pkg_name/lib/python3.10/site-packages:${PYTHONPATH} /usr/bin/python3 -W ignore:setup.py install is deprecated -W ignore:easy_install command is deprecated setup.py egg_info --egg-base ../build/test_new_pkg_name build --build-base /home/lae5777/ros2_ws/src/uq-in-slam/build/test_new_pkg_name/build install --record /home/lae5777/ros2_ws/src/uq-in-slam/build/test_new_pkg_name/install.log --single-version-externally-managed install_data
[3.282s] Level 1:colcon.colcon_core.environment:checking '/home/lae5777/ros2_ws/src/uq-in-slam/install/test_new_pkg_name' for CMake module files
[3.284s] Level 1:colcon.colcon_core.environment:checking '/home/lae5777/ros2_ws/src/uq-in-slam/install/test_new_pkg_name' for CMake config files
[3.290s] Level 1:colcon.colcon_core.environment:checking '/home/lae5777/ros2_ws/src/uq-in-slam/install/test_new_pkg_name/lib'
[3.291s] Level 1:colcon.colcon_core.environment:checking '/home/lae5777/ros2_ws/src/uq-in-slam/install/test_new_pkg_name/bin'
[3.291s] Level 1:colcon.colcon_core.environment:checking '/home/lae5777/ros2_ws/src/uq-in-slam/install/test_new_pkg_name/lib/pkgconfig/test_new_pkg_name.pc'
[3.291s] Level 1:colcon.colcon_core.environment:checking '/home/lae5777/ros2_ws/src/uq-in-slam/install/test_new_pkg_name/lib/python3.10/site-packages'
[3.291s] Level 1:colcon.colcon_core.shell:create_environment_hook('test_new_pkg_name', 'pythonpath')
[3.292s] INFO:colcon.colcon_core.shell:Creating environment hook '/home/lae5777/ros2_ws/src/uq-in-slam/install/test_new_pkg_name/share/test_new_pkg_name/hook/pythonpath.ps1'
[3.325s] INFO:colcon.colcon_core.shell:Creating environment descriptor '/home/lae5777/ros2_ws/src/uq-in-slam/install/test_new_pkg_name/share/test_new_pkg_name/hook/pythonpath.dsv'
[3.367s] INFO:colcon.colcon_core.shell:Creating environment hook '/home/lae5777/ros2_ws/src/uq-in-slam/install/test_new_pkg_name/share/test_new_pkg_name/hook/pythonpath.sh'
[3.404s] Level 1:colcon.colcon_core.environment:checking '/home/lae5777/ros2_ws/src/uq-in-slam/install/test_new_pkg_name/bin'
[3.405s] Level 1:colcon.colcon_core.environment:create_environment_scripts_only(test_new_pkg_name)
[3.405s] INFO:colcon.colcon_core.shell:Creating package script '/home/lae5777/ros2_ws/src/uq-in-slam/install/test_new_pkg_name/share/test_new_pkg_name/package.ps1'
[3.441s] INFO:colcon.colcon_core.shell:Creating package descriptor '/home/lae5777/ros2_ws/src/uq-in-slam/install/test_new_pkg_name/share/test_new_pkg_name/package.dsv'
[3.475s] INFO:colcon.colcon_core.shell:Creating package script '/home/lae5777/ros2_ws/src/uq-in-slam/install/test_new_pkg_name/share/test_new_pkg_name/package.sh'
[3.504s] INFO:colcon.colcon_core.shell:Creating package script '/home/lae5777/ros2_ws/src/uq-in-slam/install/test_new_pkg_name/share/test_new_pkg_name/package.bash'
[3.542s] INFO:colcon.colcon_core.shell:Creating package script '/home/lae5777/ros2_ws/src/uq-in-slam/install/test_new_pkg_name/share/test_new_pkg_name/package.zsh'
[3.579s] Level 1:colcon.colcon_core.environment:create_file_with_runtime_dependencies(/home/lae5777/ros2_ws/src/uq-in-slam/install/test_new_pkg_name/share/colcon-core/packages/test_new_pkg_name)
[3.608s] DEBUG:colcon.colcon_parallel_executor.executor.parallel:closing loop
[3.609s] DEBUG:colcon.colcon_parallel_executor.executor.parallel:loop closed
[3.609s] DEBUG:colcon.colcon_parallel_executor.executor.parallel:run_until_complete finished with '0'
[3.609s] DEBUG:colcon.colcon_core.event_reactor:joining thread
[3.725s] INFO:colcon.colcon_core.plugin_system:Skipping extension 'colcon_notification.desktop_notification.terminal_notifier': Not used on non-Darwin systems
[3.725s] INFO:colcon.colcon_core.plugin_system:Skipping extension 'colcon_notification.desktop_notification.win32': Not used on non-Windows systems
[3.725s] INFO:colcon.colcon_notification.desktop_notification:Sending desktop notification using 'notify2'
[3.758s] DEBUG:colcon.colcon_core.event_reactor:joined thread
[3.758s] INFO:colcon.colcon_core.shell:Creating prefix script '/home/lae5777/ros2_ws/src/uq-in-slam/install/local_setup.ps1'
[3.797s] INFO:colcon.colcon_core.shell:Creating prefix util module '/home/lae5777/ros2_ws/src/uq-in-slam/install/_local_setup_util_ps1.py'
[3.834s] INFO:colcon.colcon_core.shell:Creating prefix chain script '/home/lae5777/ros2_ws/src/uq-in-slam/install/setup.ps1'
[3.871s] INFO:colcon.colcon_core.shell:Creating prefix script '/home/lae5777/ros2_ws/src/uq-in-slam/install/local_setup.sh'
[3.900s] INFO:colcon.colcon_core.shell:Creating prefix util module '/home/lae5777/ros2_ws/src/uq-in-slam/install/_local_setup_util_sh.py'
[3.934s] INFO:colcon.colcon_core.shell:Creating prefix chain script '/home/lae5777/ros2_ws/src/uq-in-slam/install/setup.sh'
[3.979s] INFO:colcon.colcon_core.shell:Creating prefix script '/home/lae5777/ros2_ws/src/uq-in-slam/install/local_setup.bash'
[4.008s] INFO:colcon.colcon_core.shell:Creating prefix chain script '/home/lae5777/ros2_ws/src/uq-in-slam/install/setup.bash'
[4.048s] INFO:colcon.colcon_core.shell:Creating prefix script '/home/lae5777/ros2_ws/src/uq-in-slam/install/local_setup.zsh'
[4.081s] INFO:colcon.colcon_core.shell:Creating prefix chain script '/home/lae5777/ros2_ws/src/uq-in-slam/install/setup.zsh'
